// Jest Snapshot v1, https://goo.gl/fbAQLP

exports[`Card should match the snapshot 1`] = `
<article>
  <h2>
    Christie
  </h2>
  <h3>
    12/29
  </h3>
  <h3>
    7:00
  </h3>
  <h3>
    Number of guests: 
    12
  </h3>
  <button
    className="cancel-btn"
    onClick={[Function]}
  >
    Cancel
  </button>
</article>
`;
